<?xml version="1.0" encoding="utf-8"?><testsuites><testsuite name="pytest" errors="0" failures="0" skipped="0" tests="1" time="19.755" timestamp="2024-10-15T13:02:50.896334+05:30" hostname="COGNINE-L209"><testcase classname="test_cases.test_keyword_driven.TestKeywordDriven" name="test_login" time="19.231" /></testsuite></testsuites>